86400
2001	2	10	1	0	0	7	41	boolean
true	true
false	os.lua:9: field 'day' missing in date table
false	os.lua:10: field 'year' is not an integer
false	os.lua:11: field 'year' is not an integer
false	os.lua:12: field 'year' is out-of-bound
false	os.lua:13: bad argument #1 to 'time' (table expected, got number)
2000-01-01 00:00:00
Thu Jan  1 00:00:00 1970
01/01/70 00:00:00 AM 001 00 4 70 %
Tuesday Tue February Feb 10 10 02/10/70 1970-02-10 00 12 00 00 UTC
2000	1	1	0	0	0	7	1	false
true
false	os.lua:21: bad argument #1 to 'date' (invalid conversion specifier '%Q')
false	os.lua:22: bad argument #1 to 'date' (invalid conversion specifier '%Ez')
true	true
false	os.lua:24: bad argument #1 to 'date' (string expected, got table)
false	os.lua:25: bad argument #2 to 'date' (number expected, got string)
05	05
true	nil
6.0	-6.0
false	os.lua:29: bad argument #2 to 'difftime' (number expected, got no value)
number	true
string	true
true
true
nil	true	2
3	true
nil	No such file or directory	2
true
nil	exit	3
true	exit	0
C	C	nil	C
