prefix [2, 1, 0, 3, 4, 5]
k [4, 3, 0, 1, 2, 5]
middle [4, 3, 2, 1, 0, 5]
whole [5, 0, 1, 2, 3, 4]
same length elsewhere [4, 3, 1, 2, 3, 4]
longer [4, 3, 2, 1, 1, 2, 3, 4]
shorter [4, 1, 2, 3, 4]
inverted target [4, 1, 2, 4, 3, 3, 4]
negative [4, 1, 2, 4, 4, 3, 3]
out of range [3, 3, 4, 4, 2, 1, 4]
floats [2.5, 1.5, 3.5]
strings ['a', 'd', 'c', 'b']
mixed [None, 2.5, 'x', 1]
empty [4, 1, 2, 4, 4, 3, 3, 3, 3, 4, 4, 2, 1, 4]
itself [0, 0, 1, 2]
own slice [0, 1, 0, 1, 2]
