True True False
False False True True False True
True True False False False True
False True False True True False
False True False True True False
False True False True True False
False True False True True False
True True False False False True
False False True True False True
False True False True True False
False True False True True False
False False False False False True
False False False False False True
True True False False False True
False False True True False True
False False True True False True
True True False False False True
True True False False False True
False False True True False True
False False True True False True
True True False False False True
False True False True True False
False True False True True False
True True False False False True
False False True True False True
False False True True False True
True True False False False True
False False True True False True
True True False False False True
True False True True True True
9007199254740991 True False False False
9007199254740992 False True False True
9007199254740993 False False True True
9007199254740994 False False True True
True True True True
