ValueError too many values to unpack (expected 2, got 3)
ValueError too many values to unpack (expected 2, got 3)
ValueError too many values to unpack (expected 2, got 3)
ValueError too many values to unpack (expected 2)
ValueError too many values to unpack (expected 2)
ValueError not enough values to unpack (expected 2, got 1)
ValueError not enough values to unpack (expected 2, got 1)
ValueError not enough values to unpack (expected 2, got 1)
ValueError not enough values to unpack (expected 2, got 1)
ValueError not enough values to unpack (expected 2, got 1)
too many values to unpack (expected 2, got 3)
too many values to unpack (expected 2, got 3)
too many values to unpack (expected 2)
too many values to unpack (expected 2)
too many values to unpack (expected 2, got 3)
too many values to unpack (expected 2)
too many values to unpack (expected 2, got 3)
too many values to unpack (expected 2)
1 3
not enough values to unpack (expected 2, got 1)
not enough values to unpack (expected 2, got 1)
