testing numbers and math lib
64-bit integers, 53-bit (mantissa) floats
testing order (floats cannot represent all integers)
testing -0 and NaN
testing 'math.random'
random seeds: 1790337134, 4315817816
float random range in 21200 calls: [0.000007, 0.999997]
integer random range in 64000 calls: [minint + 41ppm, maxint - 23ppm]
OK
