userdata	userdata: ADDR
true	false	true
a	b
nil	nil
kept	true
false	bad argument #1 to 'debug.setuservalue' (userdata expected, got light userdata)
false	bad argument #1 to 'debug.setuservalue' (userdata expected, got number)
false	bad argument #1 to 'debug.setuservalue' (userdata expected, got table)
false	bad argument #1 to 'debug.setuservalue' (userdata expected, got no value)
false	bad argument #3 to 'debug.setuservalue' (number expected, got string)
false	light_userdata.lua:31: attempt to perform arithmetic on a userdata value (upvalue 'ia')
false	light_userdata.lua:32: attempt to compare two userdata values
false	light_userdata.lua:33: attempt to get length of a userdata value (upvalue 'ia')
false	light_userdata.lua:34: attempt to index a userdata value (upvalue 'ia')
false	light_userdata.lua:35: bad argument #1 to 'sin' (number expected, got light userdata)
nil
1
nil
false	bad argument #2 to 'debug.getuservalue' (number expected, got string)
