testing stack overflow detection
testing stack overflow in message handling
final count: 	250043
testing recursion inside pattern matching
testing stack-overflow in recursive 'gsub'
final count: 	197
testing stack-overflow in recursive 'gsub' with metatables
final count: 	99
testing limits in coroutines inside deep calls
final count: 	196
chain of 'coroutine.close'
final count: 	197
nesting of resuming yielded coroutines
final count: 	195
nesting coroutines running after recoverable errors
final count: 	197
OK
